// Jest Snapshot v1, https://goo.gl/fbAQLP

exports[`ShopFeed renders correctly 1`] = `
<div
  className="feed"
>
  <div
    className="feed__item"
    key="/merch/personalized-bottle"
  >
    <mockConstructor
      className="feed__item-link"
      to="/merch/personalized-bottle"
    >
      <Image
        Tag="div"
        alt=""
        durationFadeIn={500}
        fadeIn={true}
        fixed={
          Object {
            "height": 184,
            "src": "/media/customized-coke-bottle.png",
            "srcSet": "",
            "width": 200,
          }
        }
        loading="lazy"
      />
      <h2
        className="feed__item-link-title"
      >
        Personalized Bottle
      </h2>
    </mockConstructor>
    <mockConstructor
      className="snipcart-add-item feed__item-buy-button"
      data-item-id="/merch/personalized-bottle"
      data-item-image="/media/customized-coke-bottle.png"
      data-item-name="Personalized Bottle"
      data-item-price="20.00"
      data-item-url="/merch/personalized-bottle"
      to="#"
    >
      BUY NOW
    </mockConstructor>
  </div>
  <div
    className="feed__item"
    key="/merch/coke-can-sculpted-mug"
  >
    <mockConstructor
      className="feed__item-link"
      to="/merch/coke-can-sculpted-mug"
    >
      <Image
        Tag="div"
        alt=""
        durationFadeIn={500}
        fadeIn={true}
        fixed={
          Object {
            "height": 184,
            "src": "/media/coke_can_sculpted_mug.png",
            "srcSet": "",
            "width": 200,
          }
        }
        loading="lazy"
      />
      <h2
        className="feed__item-link-title"
      >
        Coke Can Sculpted Mug
      </h2>
    </mockConstructor>
    <mockConstructor
      className="snipcart-add-item feed__item-buy-button"
      data-item-id="/merch/coke-can-sculpted-mug"
      data-item-image="/media/coke_can_sculpted_mug.png"
      data-item-name="Coke Can Sculpted Mug"
      data-item-price="40.00"
      data-item-url="/merch/coke-can-sculpted-mug"
      to="#"
    >
      BUY NOW
    </mockConstructor>
  </div>
</div>
`;
