// Jest Snapshot v1, https://goo.gl/fbAQLP

exports[`ContactTemplate renders correctly 1`] = `
<Layout
  description="Contacting me form"
  socialImage="/test.jpg"
  title="Contact me"
>
  <Sidebar />
  <Page
    title="Contact me"
  >
    <ContactForm />
  </Page>
</Layout>
`;
