// Jest Snapshot v1, https://goo.gl/fbAQLP

exports[`Layout renders correctly 1`] = `
<div
  className="layout"
>
  <SEO
    description="test"
    title="test"
  />
  test
</div>
`;
