// Jest Snapshot v1, https://goo.gl/fbAQLP

exports[`Pagination renders correctly 1`] = `
<div
  className="pagination"
>
  <div
    className="pagination__prev"
  >
    <mockConstructor
      className="pagination__prev-link"
      rel="prev"
      to="/page/1"
    >
      ← PREV
    </mockConstructor>
  </div>
  <div
    className="pagination__next"
  >
    <mockConstructor
      className="pagination__next-link"
      rel="next"
      to="/page/3"
    >
      → NEXT
    </mockConstructor>
  </div>
</div>
`;
