// Jest Snapshot v1, https://goo.gl/fbAQLP

exports[`Feed renders correctly 1`] = `
<div
  className="feed"
>
  <div
    className="feed__item"
    key="/test_0"
  >
    <div
      className="feed__item-meta"
    >
      <time
        className="feed__item-meta-time"
        dateTime="September 1, 2016"
      >
        September 2016
      </time>
      <span
        className="feed__item-meta-divider"
      />
      <span
        className="feed__item-meta-category"
      >
        <mockConstructor
          className="feed__item-meta-category-link"
          to="/test_0"
        >
          test_0
        </mockConstructor>
      </span>
    </div>
    <h2
      className="feed__item-title"
    >
      <mockConstructor
        className="feed__item-title-link"
        to="/test_0"
      >
        test_0
      </mockConstructor>
    </h2>
    <p
      className="feed__item-description"
    >
      test_0
    </p>
    <mockConstructor
      className="feed__item-readmore"
      to="/test_0"
    >
      Read
    </mockConstructor>
  </div>
  <div
    className="feed__item"
    key="/test_1"
  >
    <div
      className="feed__item-meta"
    >
      <time
        className="feed__item-meta-time"
        dateTime="September 1, 2016"
      >
        September 2016
      </time>
      <span
        className="feed__item-meta-divider"
      />
      <span
        className="feed__item-meta-category"
      >
        <mockConstructor
          className="feed__item-meta-category-link"
          to="/test_1"
        >
          test_1
        </mockConstructor>
      </span>
    </div>
    <h2
      className="feed__item-title"
    >
      <mockConstructor
        className="feed__item-title-link"
        to="/test_1"
      >
        test_1
      </mockConstructor>
    </h2>
    <p
      className="feed__item-description"
    >
      test_1
    </p>
    <mockConstructor
      className="feed__item-readmore"
      to="/test_1"
    >
      Read
    </mockConstructor>
  </div>
</div>
`;
